0 info it worked if it ends with ok
1 verbose cli [
1 verbose cli   'C:\\Program Files\\nodejs\\node.exe',
1 verbose cli   'C:\\Users\\Asus\\node_modules\\npm\\bin\\npm-cli.js',
1 verbose cli   'run',
1 verbose cli   'dev',
1 verbose cli   '--prefix',
1 verbose cli   'client'
1 verbose cli ]
2 info using npm@2.15.12
3 info using node@v22.16.0
4 verbose run-script [ 'predev', 'dev', 'postdev' ]
5 info predev client@0.0.0
6 info dev client@0.0.0
7 verbose unsafe-perm in lifecycle true
8 info client@0.0.0 Failed to exec dev script
9 verbose stack Error: client@0.0.0 dev: `vite`
9 verbose stack Exit status 3221225786
9 verbose stack     at EventEmitter.<anonymous> (C:\Users\Asus\node_modules\npm\lib\utils\lifecycle.js:217:16)
9 verbose stack     at EventEmitter.emit (node:events:518:28)
9 verbose stack     at ChildProcess.<anonymous> (C:\Users\Asus\node_modules\npm\lib\utils\spawn.js:24:14)
9 verbose stack     at ChildProcess.emit (node:events:518:28)
9 verbose stack     at maybeClose (node:internal/child_process:1101:16)
9 verbose stack     at ChildProcess._handle.onexit (node:internal/child_process:304:5)
10 verbose pkgid client@0.0.0
11 verbose cwd C:\Users\Asus\OneDrive\Desktop\Projects\E-Commerce
12 error Windows_NT 10.0.26200
13 error argv "C:\\Program Files\\nodejs\\node.exe" "C:\\Users\\Asus\\node_modules\\npm\\bin\\npm-cli.js" "run" "dev" "--prefix" "client"
14 error node v22.16.0
15 error npm  v2.15.12
16 error code ELIFECYCLE
17 error client@0.0.0 dev: `vite`
17 error Exit status 3221225786
18 error Failed at the client@0.0.0 dev script 'vite'.
18 error This is most likely a problem with the client package,
18 error not with npm itself.
18 error Tell the author that this fails on your system:
18 error     vite
18 error You can get information on how to open an issue for this project with:
18 error     npm bugs client
18 error Or if that isn't available, you can get their info via:
18 error
18 error     npm owner ls client
18 error There is likely additional logging output above.
19 verbose exit [ 1, true ]
